// Jest Snapshot v1, https://goo.gl/fbAQLP

exports[`renders trigger correctly 1`] = `
<getContext(Component)
  content={[Function]}
/>
`;
