// Jest Snapshot v1, https://goo.gl/fbAQLP

exports[`renders modal correctly 1`] = `
<Modal
  onClose={[Function]}
>
  <div>
    <styled.div
      onClick={[Function]}
    >
      <div
        className="sc-bwzfXH bPTWRz"
        onClick={[Function]}
      />
    </styled.div>
    <styled.div>
      <div
        className="sc-bdVaJa jnSnMc"
      >
        <styled.button
          onClick={[Function]}
        >
          <button
            className="sc-htpNat cNCcHG"
            onClick={[Function]}
          >
            <Icon
              active={false}
              color="#777777"
              i="test-file-stub"
              in="blue"
              rotate={0}
              size="xs"
            >
              <Styled(SVGInline)
                color="#777777"
                data-active={false}
                in="blue"
                rotate={0}
                size="xs"
                svg="test-file-stub"
              >
                <SVGInline
                  className="sc-bxivhb dAGAdf"
                  classSuffix="-svg"
                  cleanup={Array []}
                  cleanupExceptions={Array []}
                  color="#777777"
                  component="span"
                  data-active={false}
                  in="blue"
                  rotate={0}
                  size="xs"
                  svg="test-file-stub"
                >
                  <span
                    className="SVGInline sc-bxivhb dAGAdf"
                    color="#777777"
                    dangerouslySetInnerHTML={
                      Object {
                        "__html": "test-file-stub",
                      }
                    }
                    data-active={false}
                    in="blue"
                    rotate={0}
                    size="xs"
                  />
                </SVGInline>
              </Styled(SVGInline)>
            </Icon>
          </button>
        </styled.button>
        <MockChild>
          <div />
        </MockChild>
      </div>
    </styled.div>
  </div>
</Modal>
`;
